border_size=1
usage=map

Xu          , Xu          , Xu          , Xu          , Xu          , Xu          , Xu          , Xu          , Xu          , Xu          , Xu          , Xu          , Xu          , Rr          , Uu          , Rr          , Xu          , Xu          , Xu          , Xu          , Xu          , Xu          
Xu          , Xu          , Xu          , Xu          , Xu          , Xu          , Xu          , Xu          , Xu          , Xu          , Xu          , Xu          , Xu          , Ce          , 1 Ke        , Ce          , Xu          , Xu          , Xu          , Xu          , Xu          , Xu          
Xu          , Xu          , Xu          , Xu          , Xu          , Xu          , Xu          , Xu          , Xu          , Xu          , Xu          , Xu          , Xu          , Uu          , Ce          , Uu          , Xu          , Xu          , Xu          , Xu          , Xu          , Xu          
Rr          , Xu          , Xu          , Xu          , Xu          , Xu          , Xu          , Xu          , Xu          , Xu          , Xu          , Xu          , Uu          , Uu          , Uu          , Uu          , Xu          , Xu          , Xu          , Xu          , Xu          , Xu          
Xu          , Rr          , Uu          , Xu          , Uu          , Xu          , Xu          , Xu          , Uu          , Xu          , Uu          , Uu          , Rr          , Uu          , Rr          , Rr          , Rr          , Xu          , Xu          , Xu          , Uu          , Uu          
Xu          , Xu          , Uu          , Rr          , Rr          , Uu          , Uu          , Uu          , Rr          , Uu          , Uu          , Uu          , Uu          , Uu          , Rr          , Ce          , 2 Ke        , Rr          , Uu          , Uu          , Xu          , Xu          
Uu          , Uu          , Xu          , Rr          , Uu          , Xu          , Xu          , Uu          , Rr          , Rr          , Rr          , Rr          , Xu          , Xu          , Rr          , Ce          , Ce          , Rr          , Xu          , Xu          , Xu          , Xu          
Uu          , Xu          , Xu          , Uu          , Uu          , Xu          , Xu          , Xu          , Xu          , Uu          , Xu          , Xu          , Xu          , Xu          , Uu          , Rr          , Uu          , Uu          , Uu          , Uu          , Xu          , Xu          
Xu          , Xu          , Xu          , Xu          , Xu          , Uu          , Rr          , Xu          , Xu          , Xu          , Xu          , Xu          , Xu          , Uu          , Uu          , Uu          , Uu          , Uu          , Uu          , Rr          , Rr          , Xu          
Uu          , Uu          , Uu          , Uu          , Rr          , Rr          , Xu          , Rr          , Rr          , Rr          , Rr          , Xu          , Xu          , Xu          , Rr          , Uu          , Xu          , Xu          , Xu          , Uu          , Xu          , Rr          
Xu          , Xu          , Xu          , Xu          , Xu          , Uu          , Uu          , Xu          , Xu          , Xu          , Uu          , Xu          , Uu          , Uu          , Rr          , Rr          , Uu          , Xu          , Xu          , Xu          , Xu          , Xu          
Xu          , Xu          , Xu          , Xu          , Xu          , Xu          , Uu          , Uu          , Uu          , Xu          , Uu          , Uu          , Xu          , Uu          , Uu          , Uu          , Xu          , Xu          , Xu          , Xu          , Xu          , Xu          
Uu          , Xu          , Rr          , Xu          , Cud         , Cud         , Cud         , Rr          , Uu          , Rr          , Uu          , Xu          , Xu          , Uu          , Uu          , Xu          , Xu          , Xu          , Xu          , Xu          , Xu          , Xu          
Uu          , Uu          , Xu          , Uu          , Cud         , 3 Kud       , Cud         , Rr          , Xu          , Uu          , Uu          , Uu          , Uu          , Uu          , Xu          , Xu          , Xu          , Xu          , Xu          , Xu          , Xu          , Xu          
Xu          , Uu          , Xu          , Xu          , Xu          , Cud         , Uu          , Xu          , Xu          , Xu          , Xu          , Uu          , Rr          , Xu          , Xu          , Xu          , Xu          , Xu          , Xu          , Xu          , Xu          , Xu          
Xu          , Xu          , Xu          , Xu          , Xu          , Xu          , Xu          , Xu          , Xu          , Xu          , Rr          , Rr          , Uu          , Uu          , Rr          , Xu          , Xu          , Xu          , Xu          , Xu          , Xu          , Xu          
Xu          , Xu          , Xu          , Xu          , Xu          , Xu          , Xu          , Xu          , Xu          , Uu          , Xu          , Xu          , Rr          , Xu          , Xu          , Rr          , Xu          , Xu          , Xu          , Xu          , Xu          , Xu          
Xu          , Xu          , Xu          , Xu          , Xu          , Xu          , Xu          , Xu          , Xu          , Uu          , Xu          , Xu          , Rr          , Xu          , Xu          , Rr          , Xu          , Xu          , Xu          , Xu          , Xu          , Xu          
Xu          , Xu          , Xu          , Xu          , Xu          , Xu          , Xu          , Xu          , Xu          , Uu          , Uu          , Xu          , Rr          , Xu          , Uu          , Rr          , Xu          , Xu          , Xu          , Xu          , Xu          , Xu          
Xu          , Xu          , Xu          , Xu          , Xu          , Xu          , Xu          , Xu          , Xu          , Xu          , Xu          , Uu          , Uu          , Uu          , Xu          , Xu          , Xu          , Xu          , Xu          , Xu          , Xu          , Xu          
Xu          , Xu          , Xu          , Xu          , Xu          , Xu          , Xu          , Xu          , Xu          , Xu          , Xu          , Uu          , Uu          , Uu          , Xu          , Xu          , Xu          , Xu          , Xu          , Xu          , Xu          , Xu          
Xu          , Xu          , Xu          , Xu          , Xu          , Xu          , Xu          , Xu          , Xu          , Xu          , Xu          , Uu          , Uu          , Uu          , Xu          , Xu          , Xu          , Xu          , Xu          , Xu          , Xu          , Xu          
